Microchip MPLAB XC8 Compiler V2.00 ()

Linker command line:

-W-3 --edf=/opt/microchip/xc8/v2.00/pic/dat/en_msgs.txt -cs \
  -h+dist/default/debug/final_micro.X.debug.sym \
  --cmf=dist/default/debug/final_micro.X.debug.cmf -z -Q18LF4520 \
  -o/tmp/xcXr7yXO8 --defsym=__MPLAB_BUILD=1 \
  -Mdist/default/debug/final_micro.X.debug.map -E1 -ver=XC8 --acfsm=1493 \
  -ASTACK=0AEh-05f3h -pstack=STACK -ACODE=00h-07DBFh -ACONST=00h-07DBFh \
  -ASMALLCONST=0600h-06FFhx119,07D00h-07DBFh -AMEDIUMCONST=0600h-07DBFh \
  -ACOMRAM=01h-07Fh -AABS1=00h-05F3h -ABIGRAM=01h-05F3h \
  -ARAM=080h-0FFh,0100h-01FFhx4,0500h-05F3h -ABANK0=080h-0FFh \
  -ABANK1=0100h-01FFh -ABANK2=0200h-02FFh -ABANK3=0300h-03FFh \
  -ABANK4=0400h-04FFh -ABANK5=0500h-05F3h \
  -ASFR=0F80h-0F9Bh,0F9Dh-0FD3h,0FD5h-0FDAh,0FE0h-0FE2h,0FE8h-0FEAh,0FF0h-0FFCh \
  -preset_vec=00h,intcode,intcodelo=018h,powerup,init -pramtop=0600h \
  -psmallconst=SMALLCONST -pmediumconst=MEDIUMCONST -pconst=CONST \
  -AFARRAM=00h-00h -ACONFIG=0300000h-030000Dh -pconfig=CONFIG \
  -AIDLOC=0200000h-0200007h -pidloc=IDLOC -AEEDATA=0F00000h-0F000FFh \
  -peeprom_data=EEDATA \
  -prdata=COMRAM,nvrram=COMRAM,nvbit=COMRAM,rbss=COMRAM,rbit=COMRAM \
  -pfarbss=FARRAM,fardata=FARRAM,nvFARRAM=FARRAM \
  -pintsave_regs=BIGRAM,bigbss=BIGRAM,bigdata=BIGRAM -pbss=RAM \
  -pidata=CODE,irdata=CODE,ibigdata=CODE,ifardata=CODE -prparam=COMRAM \
  /tmp/xcXopBogy.o dist/default/debug/final_micro.X.debug.o 

Object code version is 3.11

Machine type is 18LF4520

Call graph: (short form)




                Name                               Link     Load   Length Selector   Space Scale
/tmp/xcXopBogy.o
                init                                618      618        4        C       0
                reset_vec                             0        0        4        0       0
                idloc                            200000   200000        8   200000       0
                config                           300000   300000        E   300000       0
dist/default/debug/final_micro.X.debug.o
                intcodelo                            18       18      600        C       0
                temp                                 6A       6A        1        1       1
                mediumconst                        7C94     7C94      12C     3E4A       0
                text41                             176E     176E       32        C       0
                text40                              CD6      CD6       B8        C       0
                text39                             11AA     11AA       74        C       0
                text38                             1830     1830        C        C       0
                text37                             184C     184C        8        C       0
                text36                             1844     1844        8        C       0
                text35                             1682     1682       44        C       0
                text34                             163E     163E       44        C       0
                text33                             15FA     15FA       44        C       0
                text32                             15B6     15B6       44        C       0
                text31                              61C      61C      1B4        C       0
                text30                              F3E      F3E       88        C       0
                text29                             10BE     10BE       78        C       0
                text28                              7D0      7D0      174        C       0
                text27                             1812     1812       1E        C       0
                text26                             12F8     12F8       66        C       0
                text25                             1136     1136       74        C       0
                text24                              EB6      EB6       88        C       0
                text23                             1422     1422       5C        C       0
                text22                             13C0     13C0       62        C       0
                text21                              944      944      134        C       0
                text20                             121E     121E       72        C       0
                text19                              A78      A78       E4        C       0
                text18                              C1E      C1E       B8        C       0
                text17                             17A0     17A0       2A        C       0
                text16                              D8E      D8E       9C        C       0
                text15                             156E     156E       48        C       0
                text13                             17CA     17CA       28        C       0
                text12                             17F2     17F2       20        C       0
                text11                             1290     1290       68        C       0
                text10                             1042     1042       7C        C       0
                text9                              173A     173A       34        C       0
                text8                              14D4     14D4       52        C       0
                text7                               FC6      FC6       7C        C       0
                text6                               E2A      E2A       8C        C       0
                text5                              135E     135E       62        C       0
                text4                              183C     183C        8        C       0
                text3                              1526     1526       48        C       0
                text2                              147E     147E       56        C       0
                text1                              1704     1704       36        C       0
                text0                               B5C      B5C       C2        C       0
                cstackCOMRAM                          1        1       5F        1       1
                cstackBANK0                          A0       A0        E       80       1
                bssBANK0                             80       80       20       80       1
                dataCOMRAM                           68       68        2        1       1
                bssCOMRAM                            60       60        8        1       1
                cinit                              16C6     16C6       3E        C       0
                idataCOMRAM                        1854     1854        2        C       0

TOTAL           Name                               Link     Load   Length     Space
        CLASS   STACK          

        CLASS   CODE           
                intcodelo                            18       18      600         0
                init                                618      618        4         0
                reset_vec                             0        0        4         0
                text41                             176E     176E       32         0
                text40                              CD6      CD6       B8         0
                text39                             11AA     11AA       74         0
                text38                             1830     1830        C         0
                text37                             184C     184C        8         0
                text36                             1844     1844        8         0
                text35                             1682     1682       44         0
                text34                             163E     163E       44         0
                text33                             15FA     15FA       44         0
                text32                             15B6     15B6       44         0
                text31                              61C      61C      1B4         0
                text30                              F3E      F3E       88         0
                text29                             10BE     10BE       78         0
                text28                              7D0      7D0      174         0
                text27                             1812     1812       1E         0
                text26                             12F8     12F8       66         0
                text25                             1136     1136       74         0
                text24                              EB6      EB6       88         0
                text23                             1422     1422       5C         0
                text22                             13C0     13C0       62         0
                text21                              944      944      134         0
                text20                             121E     121E       72         0
                text19                              A78      A78       E4         0
                text18                              C1E      C1E       B8         0
                text17                             17A0     17A0       2A         0
                text16                              D8E      D8E       9C         0
                text15                             156E     156E       48         0
                text13                             17CA     17CA       28         0
                text12                             17F2     17F2       20         0
                text11                             1290     1290       68         0
                text10                             1042     1042       7C         0
                text9                              173A     173A       34         0
                text8                              14D4     14D4       52         0
                text7                               FC6      FC6       7C         0
                text6                               E2A      E2A       8C         0
                text5                              135E     135E       62         0
                text4                              183C     183C        8         0
                text3                              1526     1526       48         0
                text2                              147E     147E       56         0
                text1                              1704     1704       36         0
                text0                               B5C      B5C       C2         0
                cinit                              16C6     16C6       3E         0
                idataCOMRAM                        1854     1854        2         0

        CLASS   CONST          

        CLASS   SMALLCONST     

        CLASS   MEDIUMCONST    
                mediumconst                        7C94     7C94      12C         0

        CLASS   COMRAM         
                temp                                 6A       6A        1         1
                cstackCOMRAM                          1        1       5F         1
                dataCOMRAM                           68       68        2         1
                bssCOMRAM                            60       60        8         1

        CLASS   ABS1           

        CLASS   BIGRAM         

        CLASS   RAM            

        CLASS   BANK0          
                cstackBANK0                          A0       A0        E         1
                bssBANK0                             80       80       20         1

        CLASS   BANK1          

        CLASS   BANK2          

        CLASS   BANK3          

        CLASS   BANK4          

        CLASS   BANK5          

        CLASS   SFR            

        CLASS   FARRAM         

        CLASS   CONFIG         
                config                           300000   300000        E         0

        CLASS   IDLOC          
                idloc                            200000   200000        8         0

        CLASS   EEDATA         



SEGMENTS        Name                           Load    Length   Top    Selector   Space  Class

                reset_vec                      000000  000004  000004         0       0  CODE    
                cstackCOMRAM                   000001  00006A  00006B         1       1  COMRAM  
                intcodelo                      000018  00183E  001856         C       0  CODE    
                bssBANK0                       000080  00002E  0000AE        80       1  BANK0   
                mediumconst                    007C94  00012C  007DC0      3E4A       0  MEDIUMCO
                idloc                          200000  000008  200008    200000       0  IDLOC   
                config                         300000  00000E  30000E    300000       0  CONFIG  


UNUSED ADDRESS RANGES

        Name                Unused          Largest block    Delta
        BANK0            0000AE-0000FF               52
        BANK1            000100-0001FF              100
        BANK2            000200-0002FF              100
        BANK3            000300-0003FF              100
        BANK4            000400-0004FF              100
        BANK5            000500-0005F3               F4
        BIGRAM           00006B-00007F               15
                         0000AE-0005F3              546
        CODE             000004-000017               14
                         001856-007C93             643E
        COMRAM           00006B-00007F               15
        CONST            000004-000017               14
                         001856-007C93             643E
        EEDATA           F00000-F000FF              100
        MEDIUMCONST      001856-007C93             643E
        RAM              0000AE-0005F3              100
        SFR              000F80-000F9B               1C
                         000F9D-000FD3               37
                         000FD5-000FDA                6
                         000FE0-000FE2                3
                         000FE8-000FEA                3
                         000FF0-000FFC                D
        SMALLCONST       001856-007C93              100
        STACK            0000AE-0005F3              546

                                  Symbol Table

?___aldiv                           cstackCOMRAM 00000D
?___lldiv                           cstackCOMRAM 00000D
?___lmul                            cstackCOMRAM 000001
?___lwdiv                           cstackCOMRAM 000001
?___lwmod                           cstackCOMRAM 000008
?___wmul                            cstackCOMRAM 000001
?_atoi4D                            cstackCOMRAM 000007
BT_rx_string@RxStr                  cstackCOMRAM 000001
BT_rx_string@i                      cstackCOMRAM 000008
BT_tx_char@Tx                       cstackBANK0  0000A0
BT_tx_string@msg                    cstackBANK0  0000A1
LCD_char@dat                        cstackBANK0  0000A2
LCD_command@cmd                     cstackBANK0  0000A2
LCD_hcommand@cmd                    cstackBANK0  0000A1
LCD_string@i                        cstackBANK0  0000A5
LCD_string@msg                      cstackBANK0  0000A3
LCD_string_xy@location              cstackBANK0  0000AB
LCD_string_xy@msg                   cstackBANK0  0000A7
LCD_string_xy@pos                   cstackBANK0  0000A6
LCD_string_xy@row                   cstackBANK0  0000AA
M_set_DC@DutyCycle                  cstackCOMRAM 000001
M_set_DC@motor                      cstackCOMRAM 000003
Rx_ISR@DuCy                         cstackCOMRAM 00005C
Rx_ISR@DuCyT                        cstackCOMRAM 000056
Rx_ISR@F2577                        bssBANK0     000080
Rx_ISR@F2579                        bssCOMRAM    000060
Rx_ISR@RxMessage                    cstackCOMRAM 000036
Rx_ISR@motor                        cstackCOMRAM 00005B
US_print_distance@dist              cstackCOMRAM 000012
US_print_distance@dist4D            cstackCOMRAM 000014
US_send_pulse@dist                  cstackCOMRAM 000020
US_send_pulse@i                     cstackCOMRAM 00001F
_ABDEN                              (abs)        007DC0
_ADDEN                              (abs)        007D5B
_BRG16                              (abs)        007DC3
_BRGH                               (abs)        007D62
_BT_init                            text13       0017CA
_BT_rx_char                         text41       00176E
_BT_rx_string                       text40       000CD6
_BT_tx_char                         text12       0017F2
_BT_tx_string                       text11       001290
_CCP1M0                             (abs)        007DE8
_CCP1M1                             (abs)        007DE9
_CCP1M2                             (abs)        007DEA
_CCP1M3                             (abs)        007DEB
_CCP2M0                             (abs)        007DD0
_CCP2M1                             (abs)        007DD1
_CCP2M2                             (abs)        007DD2
_CCP2M3                             (abs)        007DD3
_CCPR1L                             (abs)        000FBE
_CCPR2L                             (abs)        000FBB
_CREN                               (abs)        007D5C
_DC1B0                              (abs)        007DEC
_DC1B1                              (abs)        007DED
_DC2B0                              (abs)        007DD4
_DC2B1                              (abs)        007DD5
_GIE                                (abs)        007F97
_IDLEN                              (abs)        007E9F
_INT0IE                             (abs)        007F94
_IOFS                               (abs)        007E9A
_IRCF0                              (abs)        007E9C
_IRCF1                              (abs)        007E9D
_IRCF2                              (abs)        007E9E
_LATB                               (abs)        000F8A
_LATBbits                           (abs)        000F8A
_LATCbits                           (abs)        000F8B
_LATDbits                           (abs)        000F8C
_LCD_char                           text7        000FC6
_LCD_clear                          text38       001830
_LCD_command                        text10       001042
_LCD_hcommand                       text9        00173A
_LCD_init                           text8        0014D4
_LCD_string                         text6        000E2A
_LCD_string_xy                      text5        00135E
_L_init                             text4        00183C
_L_turn_off                         text37       00184C
_L_turn_on                          text36       001844
_M_anticlockwise_direction          text35       001682
_M_backward_direction               text34       00163E
_M_clockwise_direction              text33       0015FA
_M_foward_direction                 text32       0015B6
_M_init                             text2        00147E
_M_set_DC                           text31       00061C
_M_stop                             text3        001526
_OERR                               (abs)        007D59
_PEIE                               (abs)        007F96
_PORTDbits                          (abs)        000F83
_PR2                                (abs)        000FCB
_PSA                                (abs)        007EAB
_ParkingDistance                    dataCOMRAM   000068
_RBIE                               (abs)        007F93
_RBIF                               (abs)        007F90
_RCIE                               (abs)        007CED
_RCIF                               (abs)        007CF5
_RCREG                              (abs)        000FAE
_RX9                                (abs)        007D5E
_Rx_ISR                             intcodelo    000018
_SENDB                              (abs)        007D63
_SPBRG                              (abs)        000FAF
_SPEN                               (abs)        007D5F
_SYNC                               (abs)        007D64
_T08BIT                             (abs)        007EAE
_T0CS                               (abs)        007EAD
_T0PS0                              (abs)        007EA8
_T0PS1                              (abs)        007EA9
_T0PS2                              (abs)        007EAA
_T0SE                               (abs)        007EAC
_T2CKPS0                            (abs)        007E50
_T2CKPS1                            (abs)        007E51
_TMR0                               (abs)        000FD6
_TMR0IE                             (abs)        007F95
_TMR0IF                             (abs)        007F92
_TMR0ON                             (abs)        007EAF
_TMR2IF                             (abs)        007CF1
_TMR2ON                             (abs)        007E52
_TRISB                              (abs)        000F93
_TRISCbits                          (abs)        000F94
_TRISDbits                          (abs)        000F95
_TX9                                (abs)        007D66
_TXEN                               (abs)        007D65
_TXIF                               (abs)        007CF4
_TXREG                              (abs)        000FAD
_US_init                            text1        001704
_US_print_distance                  text22       0013C0
_US_send_pulse                      text19       000A78
_WUE                                (abs)        007DC1
__CFG_BOREN$OFF                     (abs)        000000
__CFG_BORV$3                        (abs)        000000
__CFG_CCP2MX$PORTC                  (abs)        000000
__CFG_CP0$OFF                       (abs)        000000
__CFG_CP1$OFF                       (abs)        000000
__CFG_CP2$OFF                       (abs)        000000
__CFG_CP3$OFF                       (abs)        000000
__CFG_CPB$OFF                       (abs)        000000
__CFG_CPD$OFF                       (abs)        000000
__CFG_EBTR0$OFF                     (abs)        000000
__CFG_EBTR1$OFF                     (abs)        000000
__CFG_EBTR2$OFF                     (abs)        000000
__CFG_EBTR3$OFF                     (abs)        000000
__CFG_EBTRB$OFF                     (abs)        000000
__CFG_FCMEN$OFF                     (abs)        000000
__CFG_IESO$OFF                      (abs)        000000
__CFG_LPT1OSC$OFF                   (abs)        000000
__CFG_LVP$OFF                       (abs)        000000
__CFG_MCLRE$ON                      (abs)        000000
__CFG_OSC$HS                        (abs)        000000
__CFG_PBADEN$OFF                    (abs)        000000
__CFG_PWRT$OFF                      (abs)        000000
__CFG_STVREN$ON                     (abs)        000000
__CFG_WDT$OFF                       (abs)        000000
__CFG_WDTPS$32768                   (abs)        000000
__CFG_WRT0$OFF                      (abs)        000000
__CFG_WRT1$OFF                      (abs)        000000
__CFG_WRT2$OFF                      (abs)        000000
__CFG_WRT3$OFF                      (abs)        000000
__CFG_WRTB$OFF                      (abs)        000000
__CFG_WRTC$OFF                      (abs)        000000
__CFG_WRTD$OFF                      (abs)        000000
__CFG_XINST$OFF                     (abs)        000000
__HRAM                              (abs)        000000
__Habs1                             abs1         000000
__Hbank0                            bank0        000000
__Hbank1                            bank1        000000
__Hbank2                            bank2        000000
__Hbank3                            bank3        000000
__Hbank4                            bank4        000000
__Hbank5                            bank5        000000
__Hbigbss                           bigbss       000000
__Hbigdata                          bigdata      000000
__Hbigram                           bigram       000000
__Hbss                              bss          000000
__HbssBANK0                         bssBANK0     000000
__HbssCOMRAM                        bssCOMRAM    000000
__Hcinit                            cinit        000000
__Hclrtext                          clrtext      000000
__Hcomram                           comram       000000
__Hconfig                           config       30000E
__Hconst                            const        000000
__HcstackBANK0                      cstackBANK0  000000
__HcstackCOMRAM                     cstackCOMRAM 000000
__Hdata                             data         000000
__HdataCOMRAM                       dataCOMRAM   000000
__Heeprom_data                      eeprom_data  000000
__Hfarbss                           farbss       000000
__Hfardata                          fardata      000000
__Hibigdata                         ibigdata     000000
__Hidata                            idata        000000
__HidataCOMRAM                      idataCOMRAM  000000
__Hidloc                            idloc        200008
__Hifardata                         ifardata     000000
__Hinit                             init         00061C
__Hintcode                          intcode      000004
__Hintcode_body                     intcode_body 000000
__Hintcodelo                        intcodelo    000618
__Hintentry                         intentry     000000
__Hintret                           intret       000000
__Hintsave_regs                     intsave_regs 000000
__Hirdata                           irdata       000000
__Hmediumconst                      mediumconst  007DC0
__HnvFARRAM                         nvFARRAM     000000
__Hnvbit                            nvbit        000000
__Hnvrram                           nvrram       000000
__Hparam                            rparam       000000
__Hpowerup                          powerup      000618
__Hram                              ram          000000
__Hramtop                           ramtop       000600
__Hrbit                             rbit         000000
__Hrbss                             rbss         000000
__Hrdata                            rdata        000000
__Hreset_vec                        reset_vec    000004
__Hrparam                           rparam       000000
__Hsfr                              sfr          000000
__Hsmallconst                       smallconst   000000
__Hspace_0                          (abs)        30000E
__Hspace_1                          (abs)        0000AE
__Hspace_2                          (abs)        000000
__Hstack                            stack        000000
__Hstruct                           struct       000000
__Htemp                             temp         00006B
__Htext                             text         000000
__Htext0                            text0        000000
__Htext1                            text1        000000
__Htext10                           text10       000000
__Htext11                           text11       000000
__Htext12                           text12       000000
__Htext13                           text13       000000
__Htext15                           text15       000000
__Htext16                           text16       000000
__Htext17                           text17       000000
__Htext18                           text18       000000
__Htext19                           text19       000000
__Htext2                            text2        000000
__Htext20                           text20       000000
__Htext21                           text21       000000
__Htext22                           text22       000000
__Htext23                           text23       000000
__Htext24                           text24       000000
__Htext25                           text25       000000
__Htext26                           text26       000000
__Htext27                           text27       000000
__Htext28                           text28       000000
__Htext29                           text29       000000
__Htext3                            text3        000000
__Htext30                           text30       000000
__Htext31                           text31       000000
__Htext32                           text32       000000
__Htext33                           text33       000000
__Htext34                           text34       000000
__Htext35                           text35       000000
__Htext36                           text36       000000
__Htext37                           text37       000000
__Htext38                           text38       000000
__Htext39                           text39       000000
__Htext4                            text4        000000
__Htext40                           text40       000000
__Htext41                           text41       000000
__Htext5                            text5        000000
__Htext6                            text6        000000
__Htext7                            text7        000000
__Htext8                            text8        000000
__Htext9                            text9        000000
__LRAM                              (abs)        000001
__Labs1                             abs1         000000
__Lbank0                            bank0        000000
__Lbank1                            bank1        000000
__Lbank2                            bank2        000000
__Lbank3                            bank3        000000
__Lbank4                            bank4        000000
__Lbank5                            bank5        000000
__Lbigbss                           bigbss       000000
__Lbigdata                          bigdata      000000
__Lbigram                           bigram       000000
__Lbss                              bss          000000
__LbssBANK0                         bssBANK0     000000
__LbssCOMRAM                        bssCOMRAM    000000
__Lcinit                            cinit        000000
__Lclrtext                          clrtext      000000
__Lcomram                           comram       000000
__Lconfig                           config       300000
__Lconst                            const        000000
__LcstackBANK0                      cstackBANK0  000000
__LcstackCOMRAM                     cstackCOMRAM 000000
__Ldata                             data         000000
__LdataCOMRAM                       dataCOMRAM   000000
__Leeprom_data                      eeprom_data  000000
__Lfarbss                           farbss       000000
__Lfardata                          fardata      000000
__Libigdata                         ibigdata     000000
__Lidata                            idata        000000
__LidataCOMRAM                      idataCOMRAM  000000
__Lidloc                            idloc        200000
__Lifardata                         ifardata     000000
__Linit                             init         000618
__Lintcode                          intcode      000004
__Lintcode_body                     intcode_body 000000
__Lintcodelo                        intcodelo    000018
__Lintentry                         intentry     000000
__Lintret                           intret       000000
__Lintsave_regs                     intsave_regs 000000
__Lirdata                           irdata       000000
__Lmediumconst                      mediumconst  007C94
__LnvFARRAM                         nvFARRAM     000000
__Lnvbit                            nvbit        000000
__Lnvrram                           nvrram       000000
__Lparam                            rparam       000000
__Lpowerup                          powerup      000618
__Lram                              ram          000000
__Lramtop                           ramtop       000600
__Lrbit                             rbit         000000
__Lrbss                             rbss         000000
__Lrdata                            rdata        000000
__Lreset_vec                        reset_vec    000000
__Lrparam                           rparam       000000
__Lsfr                              sfr          000000
__Lsmallconst                       smallconst   000000
__Lspace_0                          (abs)        000000
__Lspace_1                          (abs)        000000
__Lspace_2                          (abs)        000000
__Lstack                            stack        000000
__Lstruct                           struct       000000
__Ltemp                             temp         00006A
__Ltext                             text         000000
__Ltext0                            text0        000000
__Ltext1                            text1        000000
__Ltext10                           text10       000000
__Ltext11                           text11       000000
__Ltext12                           text12       000000
__Ltext13                           text13       000000
__Ltext15                           text15       000000
__Ltext16                           text16       000000
__Ltext17                           text17       000000
__Ltext18                           text18       000000
__Ltext19                           text19       000000
__Ltext2                            text2        000000
__Ltext20                           text20       000000
__Ltext21                           text21       000000
__Ltext22                           text22       000000
__Ltext23                           text23       000000
__Ltext24                           text24       000000
__Ltext25                           text25       000000
__Ltext26                           text26       000000
__Ltext27                           text27       000000
__Ltext28                           text28       000000
__Ltext29                           text29       000000
__Ltext3                            text3        000000
__Ltext30                           text30       000000
__Ltext31                           text31       000000
__Ltext32                           text32       000000
__Ltext33                           text33       000000
__Ltext34                           text34       000000
__Ltext35                           text35       000000
__Ltext36                           text36       000000
__Ltext37                           text37       000000
__Ltext38                           text38       000000
__Ltext39                           text39       000000
__Ltext4                            text4        000000
__Ltext40                           text40       000000
__Ltext41                           text41       000000
__Ltext5                            text5        000000
__Ltext6                            text6        000000
__Ltext7                            text7        000000
__Ltext8                            text8        000000
__Ltext9                            text9        000000
__S0                                (abs)        30000E
__S1                                (abs)        0000AE
__S2                                (abs)        000000
___aldiv                            text21       000944
___aldiv@counter                    cstackCOMRAM 000015
___aldiv@dividend                   cstackCOMRAM 00000D
___aldiv@divisor                    cstackCOMRAM 000011
___aldiv@quotient                   cstackCOMRAM 000017
___aldiv@sign                       cstackCOMRAM 000016
___inthi_sp                         stack        000000
___intlo_sp                         stack        000000
___lldiv                            text18       000C1E
___lldiv@counter                    cstackCOMRAM 000019
___lldiv@dividend                   cstackCOMRAM 00000D
___lldiv@divisor                    cstackCOMRAM 000011
___lldiv@quotient                   cstackCOMRAM 000015
___lmul                             text20       00121E
___lmul@multiplicand                cstackCOMRAM 000005
___lmul@multiplier                  cstackCOMRAM 000001
___lmul@product                     cstackCOMRAM 000009
___lwdiv                            text30       000F3E
___lwdiv@counter                    cstackCOMRAM 000007
___lwdiv@dividend                   cstackCOMRAM 000001
___lwdiv@divisor                    cstackCOMRAM 000003
___lwdiv@quotient                   cstackCOMRAM 000005
___lwmod                            text29       0010BE
___lwmod@counter                    cstackCOMRAM 00000C
___lwmod@dividend                   cstackCOMRAM 000008
___lwmod@divisor                    cstackCOMRAM 00000A
___param_bank                       (abs)        000000
___rparam_used                      (abs)        000001
___sp                               stack        000000
___wmul                             text17       0017A0
___wmul@multiplicand                cstackCOMRAM 000003
___wmul@multiplier                  cstackCOMRAM 000001
___wmul@product                     cstackCOMRAM 000005
__accesstop                         (abs)        000080
__activetblptr                      (abs)        000002
__end_of_BT_init                    text13       0017F2
__end_of_BT_rx_char                 text41       0017A0
__end_of_BT_rx_string               text40       000D8E
__end_of_BT_tx_char                 text12       001812
__end_of_BT_tx_string               text11       0012F8
__end_of_LCD_char                   text7        001042
__end_of_LCD_clear                  text38       00183C
__end_of_LCD_command                text10       0010BE
__end_of_LCD_hcommand               text9        00176E
__end_of_LCD_init                   text8        001526
__end_of_LCD_string                 text6        000EB6
__end_of_LCD_string_xy              text5        0013C0
__end_of_L_init                     text4        001844
__end_of_L_turn_off                 text37       001854
__end_of_L_turn_on                  text36       00184C
__end_of_M_anticlockwise_direction  text35       0016C6
__end_of_M_backward_direction       text34       001682
__end_of_M_clockwise_direction      text33       00163E
__end_of_M_foward_direction         text32       0015FA
__end_of_M_init                     text2        0014D4
__end_of_M_set_DC                   text31       0007D0
__end_of_M_stop                     text3        00156E
__end_of_Rx_ISR                     intcodelo    000618
__end_of_US_init                    text1        00173A
__end_of_US_print_distance          text22       001422
__end_of_US_send_pulse              text19       000B5C
__end_of___aldiv                    text21       000A78
__end_of___lldiv                    text18       000CD6
__end_of___lmul                     text20       001290
__end_of___lwdiv                    text30       000FC6
__end_of___lwmod                    text29       001136
__end_of___wmul                     text17       0017CA
__end_of__initialization            cinit        0016F6
__end_of_atoi4D                     text16       000E2A
__end_of_itoa4D                     text28       000944
__end_of_main                       text0        000C1E
__end_ofi1_BT_tx_char               text27       001830
__end_ofi1_BT_tx_string             text26       00135E
__end_ofi1_LCD_char                 text25       0011AA
__end_ofi1_LCD_command              text39       00121E
__end_ofi1_LCD_string               text24       000F3E
__end_ofi1_LCD_string_xy            text23       00147E
__end_ofi1_M_stop                   text15       0015B6
__initialization                    cinit        0016C6
__mediumconst                       mediumconst  007C94
__pbssBANK0                         bssBANK0     000080
__pbssCOMRAM                        bssCOMRAM    000060
__pcinit                            cinit        0016C6
__pcstackBANK0                      cstackBANK0  0000A0
__pcstackCOMRAM                     cstackCOMRAM 000001
__pdataCOMRAM                       dataCOMRAM   000068
__pidataCOMRAM                      idataCOMRAM  001854
__pintcodelo                        intcodelo    000018
__pmediumconst                      mediumconst  007C94
__ptext0                            text0        000B5C
__ptext1                            text1        001704
__ptext10                           text10       001042
__ptext11                           text11       001290
__ptext12                           text12       0017F2
__ptext13                           text13       0017CA
__ptext15                           text15       00156E
__ptext16                           text16       000D8E
__ptext17                           text17       0017A0
__ptext18                           text18       000C1E
__ptext19                           text19       000A78
__ptext2                            text2        00147E
__ptext20                           text20       00121E
__ptext21                           text21       000944
__ptext22                           text22       0013C0
__ptext23                           text23       001422
__ptext24                           text24       000EB6
__ptext25                           text25       001136
__ptext26                           text26       0012F8
__ptext27                           text27       001812
__ptext28                           text28       0007D0
__ptext29                           text29       0010BE
__ptext3                            text3        001526
__ptext30                           text30       000F3E
__ptext31                           text31       00061C
__ptext32                           text32       0015B6
__ptext33                           text33       0015FA
__ptext34                           text34       00163E
__ptext35                           text35       001682
__ptext36                           text36       001844
__ptext37                           text37       00184C
__ptext38                           text38       001830
__ptext39                           text39       0011AA
__ptext4                            text4        00183C
__ptext40                           text40       000CD6
__ptext41                           text41       00176E
__ptext5                            text5        00135E
__ptext6                            text6        000E2A
__ptext7                            text7        000FC6
__ptext8                            text8        0014D4
__ptext9                            text9        00173A
__ramtop                            ramtop       000600
__size_of_BT_init                   (abs)        000000
__size_of_BT_rx_char                (abs)        000000
__size_of_BT_rx_string              (abs)        000000
__size_of_BT_tx_char                (abs)        000000
__size_of_BT_tx_string              (abs)        000000
__size_of_LCD_char                  (abs)        000000
__size_of_LCD_clear                 (abs)        000000
__size_of_LCD_command               (abs)        000000
__size_of_LCD_hcommand              (abs)        000000
__size_of_LCD_init                  (abs)        000000
__size_of_LCD_string                (abs)        000000
__size_of_LCD_string_xy             (abs)        000000
__size_of_L_init                    (abs)        000000
__size_of_L_turn_off                (abs)        000000
__size_of_L_turn_on                 (abs)        000000
__size_of_M_anticlockwise_direction (abs)        000000
__size_of_M_backward_direction      (abs)        000000
__size_of_M_clockwise_direction     (abs)        000000
__size_of_M_foward_direction        (abs)        000000
__size_of_M_init                    (abs)        000000
__size_of_M_set_DC                  (abs)        000000
__size_of_M_stop                    (abs)        000000
__size_of_Rx_ISR                    (abs)        000000
__size_of_US_init                   (abs)        000000
__size_of_US_print_distance         (abs)        000000
__size_of_US_send_pulse             (abs)        000000
__size_of___aldiv                   (abs)        000000
__size_of___lldiv                   (abs)        000000
__size_of___lmul                    (abs)        000000
__size_of___lwdiv                   (abs)        000000
__size_of___lwmod                   (abs)        000000
__size_of___wmul                    (abs)        000000
__size_of_atoi4D                    (abs)        000000
__size_of_itoa4D                    (abs)        000000
__size_of_main                      (abs)        000000
__size_ofi1_BT_tx_char              (abs)        000000
__size_ofi1_BT_tx_string            (abs)        000000
__size_ofi1_LCD_char                (abs)        000000
__size_ofi1_LCD_command             (abs)        000000
__size_ofi1_LCD_string              (abs)        000000
__size_ofi1_LCD_string_xy           (abs)        000000
__size_ofi1_M_stop                  (abs)        000000
__smallconst                        smallconst   000000
_atoi4D                             text16       000D8E
_distance                           bssCOMRAM    000065
_itoa4D                             text28       0007D0
_main                               text0        000B5C
_nibble                             bssCOMRAM    000067
atoi4D@arr                          cstackCOMRAM 000007
atoi4D@num                          cstackCOMRAM 00000A
btemp                               temp         00006A
end_of_initialization               cinit        0016F6
i1BT_tx_char@Tx                     cstackCOMRAM 000001
i1BT_tx_string@msg                  cstackCOMRAM 000002
i1LCD_char@dat                      cstackCOMRAM 000003
i1LCD_command@cmd                   cstackCOMRAM 000003
i1LCD_string@i                      cstackCOMRAM 000006
i1LCD_string@msg                    cstackCOMRAM 000004
i1LCD_string_xy@location            cstackCOMRAM 00000C
i1LCD_string_xy@msg                 cstackCOMRAM 000008
i1LCD_string_xy@pos                 cstackCOMRAM 000007
i1LCD_string_xy@row                 cstackCOMRAM 00000B
i1_BT_tx_char                       text27       001812
i1_BT_tx_string                     text26       0012F8
i1_LCD_char                         text25       001136
i1_LCD_command                      text39       0011AA
i1_LCD_string                       text24       000EB6
i1_LCD_string_xy                    text23       001422
i1_M_stop                           text15       00156E
int$flags                           temp         00006A
intlevel0                           text         000000
intlevel1                           text         000000
intlevel2                           text         000000
intlevel3                           text         000000
itoa4D@arr                          cstackCOMRAM 00000D
itoa4D@num                          cstackCOMRAM 00000F
stackhi                             (abs)        0005F3
stacklo                             (abs)        0000AE
start                               init         000618
start_initialization                cinit        0016C6
ttemp5                              temp         00006B
ttemp6                              temp         00006E
ttemp7                              temp         000072
wtemp8                              temp         00006B


FUNCTION INFORMATION:

 *************** function _main *****************
 Defined at:
		line 157 in file "main.c"
 Parameters:    Size  Location     Type
		None
 Auto vars:     Size  Location     Type
		None
 Return value:  Size  Location     Type
                  1    wreg      void 
 Registers used:
		wreg, fsr0l, fsr0h, status,2, status,0, tblptrl, tblptrh, tblptru, cstack
 Tracked objects:
		On entry : 
		On exit  : 
		Unchanged: 
 Data sizes:     COMRAM   BANK0   BANK1   BANK2   BANK3   BANK4   BANK5
      Params:         0       0       0       0       0       0       0
      Locals:         0       0       0       0       0       0       0
      Temps:          0       2       0       0       0       0       0
      Totals:         0       2       0       0       0       0       0
Total ram usage:        2 bytes
 Hardware stack levels required when called:    9
 This function calls:
		_BT_init
		_BT_tx_char
		_BT_tx_string
		_LCD_command
		_LCD_init
		_LCD_string_xy
		_L_init
		_M_init
		_US_init
 This function is called by:
		Startup code after reset
 This function uses a non-reentrant model


 *************** function _US_init *****************
 Defined at:
		line 289 in file "main.c"
 Parameters:    Size  Location     Type
		None
 Auto vars:     Size  Location     Type
		None
 Return value:  Size  Location     Type
                  1    wreg      void 
 Registers used:
		wreg, status,2
 Tracked objects:
		On entry : 
		On exit  : 
		Unchanged: 
 Data sizes:     COMRAM   BANK0   BANK1   BANK2   BANK3   BANK4   BANK5
      Params:         0       0       0       0       0       0       0
      Locals:         0       0       0       0       0       0       0
      Temps:          0       0       0       0       0       0       0
      Totals:         0       0       0       0       0       0       0
Total ram usage:        0 bytes
 Hardware stack levels used:    1
 Hardware stack levels required when called:    6
 This function calls:
		Nothing
 This function is called by:
		_main
 This function uses a non-reentrant model


 *************** function _M_init *****************
 Defined at:
		line 375 in file "main.c"
 Parameters:    Size  Location     Type
		None
 Auto vars:     Size  Location     Type
		None
 Return value:  Size  Location     Type
                  1    wreg      void 
 Registers used:
		wreg, status,2, status,0, cstack
 Tracked objects:
		On entry : 
		On exit  : 
		Unchanged: 
 Data sizes:     COMRAM   BANK0   BANK1   BANK2   BANK3   BANK4   BANK5
      Params:         0       0       0       0       0       0       0
      Locals:         0       0       0       0       0       0       0
      Temps:          0       0       0       0       0       0       0
      Totals:         0       0       0       0       0       0       0
Total ram usage:        0 bytes
 Hardware stack levels used:    1
 Hardware stack levels required when called:    7
 This function calls:
		_M_stop
 This function is called by:
		_main
 This function uses a non-reentrant model


 *************** function _M_stop *****************
 Defined at:
		line 447 in file "main.c"
 Parameters:    Size  Location     Type
		None
 Auto vars:     Size  Location     Type
		None
 Return value:  Size  Location     Type
                  1    wreg      void 
 Registers used:
		wreg, status,2, status,0
 Tracked objects:
		On entry : 
		On exit  : 
		Unchanged: 
 Data sizes:     COMRAM   BANK0   BANK1   BANK2   BANK3   BANK4   BANK5
      Params:         0       0       0       0       0       0       0
      Locals:         0       0       0       0       0       0       0
      Temps:          0       0       0       0       0       0       0
      Totals:         0       0       0       0       0       0       0
Total ram usage:        0 bytes
 Hardware stack levels used:    1
 Hardware stack levels required when called:    6
 This function calls:
		Nothing
 This function is called by:
		_M_init
 This function uses a non-reentrant model


 *************** function _L_init *****************
 Defined at:
		line 350 in file "main.c"
 Parameters:    Size  Location     Type
		None
 Auto vars:     Size  Location     Type
		None
 Return value:  Size  Location     Type
                  1    wreg      void 
 Registers used:
		None
 Tracked objects:
		On entry : 
		On exit  : 
		Unchanged: 
 Data sizes:     COMRAM   BANK0   BANK1   BANK2   BANK3   BANK4   BANK5
      Params:         0       0       0       0       0       0       0
      Locals:         0       0       0       0       0       0       0
      Temps:          0       0       0       0       0       0       0
      Totals:         0       0       0       0       0       0       0
Total ram usage:        0 bytes
 Hardware stack levels used:    1
 Hardware stack levels required when called:    6
 This function calls:
		Nothing
 This function is called by:
		_main
 This function uses a non-reentrant model


 *************** function _LCD_string_xy *****************
 Defined at:
		line 262 in file "main.c"
 Parameters:    Size  Location     Type
  row             1    wreg     unsigned char 
  pos             1    6[BANK0 ] unsigned char 
  msg             2    7[BANK0 ] PTR const unsigned char 
		 -> STR_11(5), Rx_ISR@RxMessage(32), STR_7(15), US_print_distance@dist4D(5), 
		 -> STR_5(13), STR_3(16), STR_1(14), 
 Auto vars:     Size  Location     Type
  row             1   10[BANK0 ] unsigned char 
  location        1   11[BANK0 ] unsigned char 
 Return value:  Size  Location     Type
                  1    wreg      void 
 Registers used:
		wreg, fsr0l, fsr0h, status,2, status,0, tblptrl, tblptrh, tblptru, cstack
 Tracked objects:
		On entry : 
		On exit  : 
		Unchanged: 
 Data sizes:     COMRAM   BANK0   BANK1   BANK2   BANK3   BANK4   BANK5
      Params:         0       3       0       0       0       0       0
      Locals:         0       2       0       0       0       0       0
      Temps:          0       1       0       0       0       0       0
      Totals:         0       6       0       0       0       0       0
Total ram usage:        6 bytes
 Hardware stack levels used:    1
 Hardware stack levels required when called:    8
 This function calls:
		_LCD_command
		_LCD_string
 This function is called by:
		_main
 This function uses a non-reentrant model


 *************** function _LCD_string *****************
 Defined at:
		line 249 in file "main.c"
 Parameters:    Size  Location     Type
  msg             2    3[BANK0 ] PTR const unsigned char 
		 -> STR_11(5), Rx_ISR@RxMessage(32), STR_7(15), US_print_distance@dist4D(5), 
		 -> STR_5(13), STR_3(16), STR_1(14), 
 Auto vars:     Size  Location     Type
  i               1    5[BANK0 ] unsigned char 
 Return value:  Size  Location     Type
                  1    wreg      void 
 Registers used:
		wreg, fsr0l, fsr0h, status,2, status,0, tblptrl, tblptrh, tblptru, cstack
 Tracked objects:
		On entry : 
		On exit  : 
		Unchanged: 
 Data sizes:     COMRAM   BANK0   BANK1   BANK2   BANK3   BANK4   BANK5
      Params:         0       2       0       0       0       0       0
      Locals:         0       1       0       0       0       0       0
      Temps:          0       0       0       0       0       0       0
      Totals:         0       3       0       0       0       0       0
Total ram usage:        3 bytes
 Hardware stack levels used:    1
 Hardware stack levels required when called:    7
 This function calls:
		_LCD_char
		_LCD_command
 This function is called by:
		_LCD_string_xy
 This function uses a non-reentrant model


 *************** function _LCD_char *****************
 Defined at:
		line 228 in file "main.c"
 Parameters:    Size  Location     Type
  dat             1    wreg     unsigned char 
 Auto vars:     Size  Location     Type
  dat             1    2[BANK0 ] unsigned char 
 Return value:  Size  Location     Type
                  1    wreg      void 
 Registers used:
		wreg, status,2, status,0
 Tracked objects:
		On entry : 
		On exit  : 
		Unchanged: 
 Data sizes:     COMRAM   BANK0   BANK1   BANK2   BANK3   BANK4   BANK5
      Params:         0       0       0       0       0       0       0
      Locals:         0       1       0       0       0       0       0
      Temps:          0       2       0       0       0       0       0
      Totals:         0       3       0       0       0       0       0
Total ram usage:        3 bytes
 Hardware stack levels used:    1
 Hardware stack levels required when called:    6
 This function calls:
		Nothing
 This function is called by:
		_LCD_string
 This function uses a non-reentrant model


 *************** function _LCD_init *****************
 Defined at:
		line 179 in file "main.c"
 Parameters:    Size  Location     Type
		None
 Auto vars:     Size  Location     Type
		None
 Return value:  Size  Location     Type
                  1    wreg      void 
 Registers used:
		wreg, status,2, status,0, cstack
 Tracked objects:
		On entry : 
		On exit  : 
		Unchanged: 
 Data sizes:     COMRAM   BANK0   BANK1   BANK2   BANK3   BANK4   BANK5
      Params:         0       0       0       0       0       0       0
      Locals:         0       0       0       0       0       0       0
      Temps:          0       2       0       0       0       0       0
      Totals:         0       2       0       0       0       0       0
Total ram usage:        2 bytes
 Hardware stack levels used:    1
 Hardware stack levels required when called:    7
 This function calls:
		_LCD_command
		_LCD_hcommand
 This function is called by:
		_main
 This function uses a non-reentrant model


 *************** function _LCD_hcommand *****************
 Defined at:
		line 194 in file "main.c"
 Parameters:    Size  Location     Type
  cmd             1    wreg     unsigned char 
 Auto vars:     Size  Location     Type
  cmd             1    1[BANK0 ] unsigned char 
 Return value:  Size  Location     Type
                  1    wreg      void 
 Registers used:
		wreg, status,2, status,0
 Tracked objects:
		On entry : 
		On exit  : 
		Unchanged: 
 Data sizes:     COMRAM   BANK0   BANK1   BANK2   BANK3   BANK4   BANK5
      Params:         0       0       0       0       0       0       0
      Locals:         0       1       0       0       0       0       0
      Temps:          0       1       0       0       0       0       0
      Totals:         0       2       0       0       0       0       0
Total ram usage:        2 bytes
 Hardware stack levels used:    1
 Hardware stack levels required when called:    6
 This function calls:
		Nothing
 This function is called by:
		_LCD_init
 This function uses a non-reentrant model


 *************** function _LCD_command *****************
 Defined at:
		line 207 in file "main.c"
 Parameters:    Size  Location     Type
  cmd             1    wreg     unsigned char 
 Auto vars:     Size  Location     Type
  cmd             1    2[BANK0 ] unsigned char 
 Return value:  Size  Location     Type
                  1    wreg      void 
 Registers used:
		wreg, status,2, status,0
 Tracked objects:
		On entry : 
		On exit  : 
		Unchanged: 
 Data sizes:     COMRAM   BANK0   BANK1   BANK2   BANK3   BANK4   BANK5
      Params:         0       0       0       0       0       0       0
      Locals:         0       1       0       0       0       0       0
      Temps:          0       2       0       0       0       0       0
      Totals:         0       3       0       0       0       0       0
Total ram usage:        3 bytes
 Hardware stack levels used:    1
 Hardware stack levels required when called:    6
 This function calls:
		Nothing
 This function is called by:
		_main
		_LCD_init
		_LCD_string
		_LCD_string_xy
 This function uses a non-reentrant model


 *************** function _BT_tx_string *****************
 Defined at:
		line 517 in file "main.c"
 Parameters:    Size  Location     Type
  msg             2    1[BANK0 ] PTR const unsigned char 
		 -> STR_16(16), STR_15(27), STR_14(73), STR_13(39), 
		 -> STR_12(8), STR_10(17), STR_9(9), Rx_ISR@DuCyT(5), 
		 -> STR_8(15), US_print_distance@dist4D(5), STR_6(14), STR_4(17), 
		 -> STR_2(15), 
 Auto vars:     Size  Location     Type
		None
 Return value:  Size  Location     Type
                  1    wreg      void 
 Registers used:
		wreg, fsr0l, fsr0h, status,2, status,0, tblptrl, tblptrh, tblptru, cstack
 Tracked objects:
		On entry : 
		On exit  : 
		Unchanged: 
 Data sizes:     COMRAM   BANK0   BANK1   BANK2   BANK3   BANK4   BANK5
      Params:         0       2       0       0       0       0       0
      Locals:         0       0       0       0       0       0       0
      Temps:          0       0       0       0       0       0       0
      Totals:         0       2       0       0       0       0       0
Total ram usage:        2 bytes
 Hardware stack levels used:    1
 Hardware stack levels required when called:    7
 This function calls:
		_BT_tx_char
 This function is called by:
		_main
 This function uses a non-reentrant model


 *************** function _BT_tx_char *****************
 Defined at:
		line 511 in file "main.c"
 Parameters:    Size  Location     Type
  Tx              1    wreg     unsigned char 
 Auto vars:     Size  Location     Type
  Tx              1    0[BANK0 ] unsigned char 
 Return value:  Size  Location     Type
                  1    wreg      void 
 Registers used:
		wreg
 Tracked objects:
		On entry : 
		On exit  : 
		Unchanged: 
 Data sizes:     COMRAM   BANK0   BANK1   BANK2   BANK3   BANK4   BANK5
      Params:         0       0       0       0       0       0       0
      Locals:         0       1       0       0       0       0       0
      Temps:          0       0       0       0       0       0       0
      Totals:         0       1       0       0       0       0       0
Total ram usage:        1 bytes
 Hardware stack levels used:    1
 Hardware stack levels required when called:    6
 This function calls:
		Nothing
 This function is called by:
		_main
		_BT_tx_string
 This function uses a non-reentrant model


 *************** function _BT_init *****************
 Defined at:
		line 485 in file "main.c"
 Parameters:    Size  Location     Type
		None
 Auto vars:     Size  Location     Type
		None
 Return value:  Size  Location     Type
                  1    wreg      void 
 Registers used:
		wreg, status,2
 Tracked objects:
		On entry : 
		On exit  : 
		Unchanged: 
 Data sizes:     COMRAM   BANK0   BANK1   BANK2   BANK3   BANK4   BANK5
      Params:         0       0       0       0       0       0       0
      Locals:         0       0       0       0       0       0       0
      Temps:          0       0       0       0       0       0       0
      Totals:         0       0       0       0       0       0       0
Total ram usage:        0 bytes
 Hardware stack levels used:    1
 Hardware stack levels required when called:    6
 This function calls:
		Nothing
 This function is called by:
		_main
 This function uses a non-reentrant model


 *************** function _Rx_ISR *****************
 Defined at:
		line 551 in file "main.c"
 Parameters:    Size  Location     Type
		None
 Auto vars:     Size  Location     Type
  RxMessage      32   53[COMRAM] unsigned char [32]
  DuCyT           5   85[COMRAM] unsigned char [5]
  DuCy            4   91[COMRAM] unsigned long 
  motor           1   90[COMRAM] unsigned char 
 Return value:  Size  Location     Type
                  1    wreg      void 
 Registers used:
		wreg, fsr0l, fsr0h, fsr1l, fsr1h, fsr2l, fsr2h, status,2, status,0, tblptrl, tblptrh, tblptru, prodl, prodh, cstack
 Tracked objects:
		On entry : 
		On exit  : 
		Unchanged: 
 Data sizes:     COMRAM   BANK0   BANK1   BANK2   BANK3   BANK4   BANK5
      Params:         0       0       0       0       0       0       0
      Locals:        42       0       0       0       0       0       0
      Temps:         17       0       0       0       0       0       0
      Totals:        59       0       0       0       0       0       0
Total ram usage:       59 bytes
 Hardware stack levels used:    1
 Hardware stack levels required when called:    5
 This function calls:
		_BT_rx_string
		_LCD_clear
		_L_turn_off
		_L_turn_on
		_M_anticlockwise_direction
		_M_backward_direction
		_M_clockwise_direction
		_M_foward_direction
		_M_set_DC
		_US_send_pulse
		___lldiv
		___lmul
		_atoi4D
		_itoa4D
		i1_BT_tx_string
		i1_LCD_string_xy
		i1_M_stop
 This function is called by:
		Interrupt level 1
 This function uses a non-reentrant model


 *************** function i1_M_stop *****************
 Defined at:
		line 447 in file "main.c"
 Parameters:    Size  Location     Type
		None
 Auto vars:     Size  Location     Type
		None
 Return value:  Size  Location     Type
                  1    wreg      void 
 Registers used:
		wreg, status,2, status,0
 Tracked objects:
		On entry : 
		On exit  : 
		Unchanged: 
 Data sizes:     COMRAM   BANK0   BANK1   BANK2   BANK3   BANK4   BANK5
      Params:         0       0       0       0       0       0       0
      Locals:         0       0       0       0       0       0       0
      Temps:          0       0       0       0       0       0       0
      Totals:         0       0       0       0       0       0       0
Total ram usage:        0 bytes
 Hardware stack levels used:    1
 This function calls:
		Nothing
 This function is called by:
		_Rx_ISR
 This function uses a non-reentrant model


 *************** function _atoi4D *****************
 Defined at:
		line 724 in file "main.c"
 Parameters:    Size  Location     Type
  arr             2    6[COMRAM] PTR unsigned char 
		 -> Rx_ISR@RxMessage(32), 
 Auto vars:     Size  Location     Type
  num             2    9[COMRAM] unsigned int 
 Return value:  Size  Location     Type
                  2    6[COMRAM] unsigned int 
 Registers used:
		wreg, fsr2l, fsr2h, status,2, status,0, prodl, prodh, cstack
 Tracked objects:
		On entry : 
		On exit  : 
		Unchanged: 
 Data sizes:     COMRAM   BANK0   BANK1   BANK2   BANK3   BANK4   BANK5
      Params:         2       0       0       0       0       0       0
      Locals:         2       0       0       0       0       0       0
      Temps:          1       0       0       0       0       0       0
      Totals:         5       0       0       0       0       0       0
Total ram usage:        5 bytes
 Hardware stack levels used:    1
 Hardware stack levels required when called:    1
 This function calls:
		___wmul
 This function is called by:
		_Rx_ISR
 This function uses a non-reentrant model


 *************** function ___wmul *****************
 Defined at:
		line 15 in file "/opt/microchip/xc8/v2.00/pic/sources/c99/common/Umul16.c"
 Parameters:    Size  Location     Type
  multiplier      2    0[COMRAM] unsigned int 
  multiplicand    2    2[COMRAM] unsigned int 
 Auto vars:     Size  Location     Type
  product         2    4[COMRAM] unsigned int 
 Return value:  Size  Location     Type
                  2    0[COMRAM] unsigned int 
 Registers used:
		wreg, status,2, status,0, prodl, prodh
 Tracked objects:
		On entry : 
		On exit  : 
		Unchanged: 
 Data sizes:     COMRAM   BANK0   BANK1   BANK2   BANK3   BANK4   BANK5
      Params:         4       0       0       0       0       0       0
      Locals:         2       0       0       0       0       0       0
      Temps:          0       0       0       0       0       0       0
      Totals:         6       0       0       0       0       0       0
Total ram usage:        6 bytes
 Hardware stack levels used:    1
 This function calls:
		Nothing
 This function is called by:
		_atoi4D
 This function uses a non-reentrant model


 *************** function ___lldiv *****************
 Defined at:
		line 7 in file "/opt/microchip/xc8/v2.00/pic/sources/c99/common/__lldiv.c"
 Parameters:    Size  Location     Type
  dividend        4   12[COMRAM] unsigned long 
  divisor         4   16[COMRAM] unsigned long 
 Auto vars:     Size  Location     Type
  quotient        4   20[COMRAM] unsigned long 
  counter         1   24[COMRAM] unsigned char 
 Return value:  Size  Location     Type
                  4   12[COMRAM] unsigned long 
 Registers used:
		wreg, status,2, status,0
 Tracked objects:
		On entry : 
		On exit  : 
		Unchanged: 
 Data sizes:     COMRAM   BANK0   BANK1   BANK2   BANK3   BANK4   BANK5
      Params:         8       0       0       0       0       0       0
      Locals:         5       0       0       0       0       0       0
      Temps:          0       0       0       0       0       0       0
      Totals:        13       0       0       0       0       0       0
Total ram usage:       13 bytes
 Hardware stack levels used:    1
 This function calls:
		Nothing
 This function is called by:
		_Rx_ISR
 This function uses a non-reentrant model


 *************** function _US_send_pulse *****************
 Defined at:
		line 315 in file "main.c"
 Parameters:    Size  Location     Type
		None
 Auto vars:     Size  Location     Type
  dist            5   31[COMRAM] unsigned char [5]
  i               1   30[COMRAM] unsigned char 
 Return value:  Size  Location     Type
                  1    wreg      void 
 Registers used:
		wreg, fsr0l, fsr0h, fsr2l, fsr2h, status,2, status,0, tblptrl, tblptrh, tblptru, cstack
 Tracked objects:
		On entry : 
		On exit  : 
		Unchanged: 
 Data sizes:     COMRAM   BANK0   BANK1   BANK2   BANK3   BANK4   BANK5
      Params:         0       0       0       0       0       0       0
      Locals:         6       0       0       0       0       0       0
      Temps:          4       0       0       0       0       0       0
      Totals:        10       0       0       0       0       0       0
Total ram usage:       10 bytes
 Hardware stack levels used:    1
 Hardware stack levels required when called:    4
 This function calls:
		_US_print_distance
		___aldiv
		___lmul
		_itoa4D
 This function is called by:
		_Rx_ISR
 This function uses a non-reentrant model


 *************** function ___lmul *****************
 Defined at:
		line 15 in file "/opt/microchip/xc8/v2.00/pic/sources/c99/common/Umul32.c"
 Parameters:    Size  Location     Type
  multiplier      4    0[COMRAM] unsigned long 
  multiplicand    4    4[COMRAM] unsigned long 
 Auto vars:     Size  Location     Type
  product         4    8[COMRAM] unsigned long 
 Return value:  Size  Location     Type
                  4    0[COMRAM] unsigned long 
 Registers used:
		wreg, status,2, status,0
 Tracked objects:
		On entry : 
		On exit  : 
		Unchanged: 
 Data sizes:     COMRAM   BANK0   BANK1   BANK2   BANK3   BANK4   BANK5
      Params:         8       0       0       0       0       0       0
      Locals:         4       0       0       0       0       0       0
      Temps:          0       0       0       0       0       0       0
      Totals:        12       0       0       0       0       0       0
Total ram usage:       12 bytes
 Hardware stack levels used:    1
 This function calls:
		Nothing
 This function is called by:
		_US_send_pulse
		_Rx_ISR
 This function uses a non-reentrant model


 *************** function ___aldiv *****************
 Defined at:
		line 7 in file "/opt/microchip/xc8/v2.00/pic/sources/c99/common/aldiv.c"
 Parameters:    Size  Location     Type
  dividend        4   12[COMRAM] long 
  divisor         4   16[COMRAM] long 
 Auto vars:     Size  Location     Type
  quotient        4   22[COMRAM] long 
  sign            1   21[COMRAM] unsigned char 
  counter         1   20[COMRAM] unsigned char 
 Return value:  Size  Location     Type
                  4   12[COMRAM] long 
 Registers used:
		wreg, status,2, status,0
 Tracked objects:
		On entry : 
		On exit  : 
		Unchanged: 
 Data sizes:     COMRAM   BANK0   BANK1   BANK2   BANK3   BANK4   BANK5
      Params:         8       0       0       0       0       0       0
      Locals:         6       0       0       0       0       0       0
      Temps:          0       0       0       0       0       0       0
      Totals:        14       0       0       0       0       0       0
Total ram usage:       14 bytes
 Hardware stack levels used:    1
 This function calls:
		Nothing
 This function is called by:
		_US_send_pulse
 This function uses a non-reentrant model


 *************** function _US_print_distance *****************
 Defined at:
		line 336 in file "main.c"
 Parameters:    Size  Location     Type
  dist            2   17[COMRAM] unsigned int 
 Auto vars:     Size  Location     Type
  dist4D          5   19[COMRAM] unsigned char [5]
 Return value:  Size  Location     Type
                  1    wreg      void 
 Registers used:
		wreg, fsr0l, fsr0h, fsr2l, fsr2h, status,2, status,0, tblptrl, tblptrh, tblptru, cstack
 Tracked objects:
		On entry : 
		On exit  : 
		Unchanged: 
 Data sizes:     COMRAM   BANK0   BANK1   BANK2   BANK3   BANK4   BANK5
      Params:         2       0       0       0       0       0       0
      Locals:         5       0       0       0       0       0       0
      Temps:          0       0       0       0       0       0       0
      Totals:         7       0       0       0       0       0       0
Total ram usage:        7 bytes
 Hardware stack levels used:    1
 Hardware stack levels required when called:    3
 This function calls:
		_itoa4D
		i1_BT_tx_char
		i1_BT_tx_string
		i1_LCD_command
		i1_LCD_string_xy
 This function is called by:
		_US_send_pulse
 This function uses a non-reentrant model


 *************** function i1_LCD_string_xy *****************
 Defined at:
		line 262 in file "main.c"
 Parameters:    Size  Location     Type
  row             1    wreg     unsigned char 
  pos             1    6[COMRAM] unsigned char 
  msg             2    7[COMRAM] PTR const unsigned char 
		 -> STR_11(5), Rx_ISR@RxMessage(32), STR_7(15), US_print_distance@dist4D(5), 
		 -> STR_5(13), STR_3(16), STR_1(14), 
 Auto vars:     Size  Location     Type
  row             1   10[COMRAM] unsigned char 
  LCD_string_x    1   11[COMRAM] unsigned char 
 Return value:  Size  Location     Type
                  1    wreg      void 
 Registers used:
		wreg, fsr0l, fsr0h, status,2, status,0, tblptrl, tblptrh, tblptru, cstack
 Tracked objects:
		On entry : 
		On exit  : 
		Unchanged: 
 Data sizes:     COMRAM   BANK0   BANK1   BANK2   BANK3   BANK4   BANK5
      Params:         3       0       0       0       0       0       0
      Locals:         2       0       0       0       0       0       0
      Temps:          1       0       0       0       0       0       0
      Totals:         6       0       0       0       0       0       0
Total ram usage:        6 bytes
 Hardware stack levels used:    1
 Hardware stack levels required when called:    2
 This function calls:
		i1_LCD_command
		i1_LCD_string
 This function is called by:
		_US_print_distance
		_Rx_ISR
 This function uses a non-reentrant model


 *************** function i1_LCD_string *****************
 Defined at:
		line 249 in file "main.c"
 Parameters:    Size  Location     Type
  msg             2    3[COMRAM] PTR const unsigned char 
		 -> STR_11(5), Rx_ISR@RxMessage(32), STR_7(15), US_print_distance@dist4D(5), 
		 -> STR_5(13), STR_3(16), STR_1(14), 
 Auto vars:     Size  Location     Type
  LCD_string      1    5[COMRAM] unsigned char 
 Return value:  Size  Location     Type
                  1    wreg      void 
 Registers used:
		wreg, fsr0l, fsr0h, status,2, status,0, tblptrl, tblptrh, tblptru, cstack
 Tracked objects:
		On entry : 
		On exit  : 
		Unchanged: 
 Data sizes:     COMRAM   BANK0   BANK1   BANK2   BANK3   BANK4   BANK5
      Params:         2       0       0       0       0       0       0
      Locals:         1       0       0       0       0       0       0
      Temps:          0       0       0       0       0       0       0
      Totals:         3       0       0       0       0       0       0
Total ram usage:        3 bytes
 Hardware stack levels used:    1
 Hardware stack levels required when called:    1
 This function calls:
		i1_LCD_char
		i1_LCD_command
 This function is called by:
		i1_LCD_string_xy
 This function uses a non-reentrant model


 *************** function i1_LCD_char *****************
 Defined at:
		line 228 in file "main.c"
 Parameters:    Size  Location     Type
  dat             1    wreg     unsigned char 
 Auto vars:     Size  Location     Type
  dat             1    2[COMRAM] unsigned char 
 Return value:  Size  Location     Type
                  1    wreg      void 
 Registers used:
		wreg, status,2, status,0
 Tracked objects:
		On entry : 
		On exit  : 
		Unchanged: 
 Data sizes:     COMRAM   BANK0   BANK1   BANK2   BANK3   BANK4   BANK5
      Params:         0       0       0       0       0       0       0
      Locals:         1       0       0       0       0       0       0
      Temps:          2       0       0       0       0       0       0
      Totals:         3       0       0       0       0       0       0
Total ram usage:        3 bytes
 Hardware stack levels used:    1
 This function calls:
		Nothing
 This function is called by:
		i1_LCD_string
 This function uses a non-reentrant model


 *************** function i1_BT_tx_string *****************
 Defined at:
		line 517 in file "main.c"
 Parameters:    Size  Location     Type
  msg             2    1[COMRAM] PTR const unsigned char 
		 -> STR_16(16), STR_15(27), STR_14(73), STR_13(39), 
		 -> STR_12(8), STR_10(17), STR_9(9), Rx_ISR@DuCyT(5), 
		 -> STR_8(15), US_print_distance@dist4D(5), STR_6(14), STR_4(17), 
		 -> STR_2(15), 
 Auto vars:     Size  Location     Type
		None
 Return value:  Size  Location     Type
                  1    wreg      void 
 Registers used:
		wreg, fsr0l, fsr0h, status,2, status,0, tblptrl, tblptrh, tblptru, cstack
 Tracked objects:
		On entry : 
		On exit  : 
		Unchanged: 
 Data sizes:     COMRAM   BANK0   BANK1   BANK2   BANK3   BANK4   BANK5
      Params:         2       0       0       0       0       0       0
      Locals:         0       0       0       0       0       0       0
      Temps:          0       0       0       0       0       0       0
      Totals:         2       0       0       0       0       0       0
Total ram usage:        2 bytes
 Hardware stack levels used:    1
 Hardware stack levels required when called:    1
 This function calls:
		i1_BT_tx_char
 This function is called by:
		_US_print_distance
		_Rx_ISR
 This function uses a non-reentrant model


 *************** function i1_BT_tx_char *****************
 Defined at:
		line 511 in file "main.c"
 Parameters:    Size  Location     Type
  Tx              1    wreg     unsigned char 
 Auto vars:     Size  Location     Type
  Tx              1    0[COMRAM] unsigned char 
 Return value:  Size  Location     Type
                  1    wreg      void 
 Registers used:
		wreg
 Tracked objects:
		On entry : 
		On exit  : 
		Unchanged: 
 Data sizes:     COMRAM   BANK0   BANK1   BANK2   BANK3   BANK4   BANK5
      Params:         0       0       0       0       0       0       0
      Locals:         1       0       0       0       0       0       0
      Temps:          0       0       0       0       0       0       0
      Totals:         1       0       0       0       0       0       0
Total ram usage:        1 bytes
 Hardware stack levels used:    1
 This function calls:
		Nothing
 This function is called by:
		_US_print_distance
		i1_BT_tx_string
 This function uses a non-reentrant model


 *************** function _itoa4D *****************
 Defined at:
		line 705 in file "main.c"
 Parameters:    Size  Location     Type
  arr             2   12[COMRAM] PTR unsigned char 
		 -> Rx_ISR@DuCyT(5), US_print_distance@dist4D(5), US_send_pulse@dist(5), 
  num             2   14[COMRAM] unsigned int 
 Auto vars:     Size  Location     Type
		None
 Return value:  Size  Location     Type
                  1    wreg      void 
 Registers used:
		wreg, fsr2l, fsr2h, status,2, status,0, cstack
 Tracked objects:
		On entry : 
		On exit  : 
		Unchanged: 
 Data sizes:     COMRAM   BANK0   BANK1   BANK2   BANK3   BANK4   BANK5
      Params:         4       0       0       0       0       0       0
      Locals:         0       0       0       0       0       0       0
      Temps:          1       0       0       0       0       0       0
      Totals:         5       0       0       0       0       0       0
Total ram usage:        5 bytes
 Hardware stack levels used:    1
 Hardware stack levels required when called:    1
 This function calls:
		___lwdiv
		___lwmod
 This function is called by:
		_US_send_pulse
		_US_print_distance
		_Rx_ISR
 This function uses a non-reentrant model


 *************** function ___lwmod *****************
 Defined at:
		line 7 in file "/opt/microchip/xc8/v2.00/pic/sources/c99/common/lwmod.c"
 Parameters:    Size  Location     Type
  dividend        2    7[COMRAM] unsigned int 
  divisor         2    9[COMRAM] unsigned int 
 Auto vars:     Size  Location     Type
  counter         1   11[COMRAM] unsigned char 
 Return value:  Size  Location     Type
                  2    7[COMRAM] unsigned int 
 Registers used:
		wreg, status,2, status,0
 Tracked objects:
		On entry : 
		On exit  : 
		Unchanged: 
 Data sizes:     COMRAM   BANK0   BANK1   BANK2   BANK3   BANK4   BANK5
      Params:         4       0       0       0       0       0       0
      Locals:         1       0       0       0       0       0       0
      Temps:          0       0       0       0       0       0       0
      Totals:         5       0       0       0       0       0       0
Total ram usage:        5 bytes
 Hardware stack levels used:    1
 This function calls:
		Nothing
 This function is called by:
		_itoa4D
 This function uses a non-reentrant model


 *************** function ___lwdiv *****************
 Defined at:
		line 7 in file "/opt/microchip/xc8/v2.00/pic/sources/c99/common/lwdiv.c"
 Parameters:    Size  Location     Type
  dividend        2    0[COMRAM] unsigned int 
  divisor         2    2[COMRAM] unsigned int 
 Auto vars:     Size  Location     Type
  quotient        2    4[COMRAM] unsigned int 
  counter         1    6[COMRAM] unsigned char 
 Return value:  Size  Location     Type
                  2    0[COMRAM] unsigned int 
 Registers used:
		wreg, status,2, status,0
 Tracked objects:
		On entry : 
		On exit  : 
		Unchanged: 
 Data sizes:     COMRAM   BANK0   BANK1   BANK2   BANK3   BANK4   BANK5
      Params:         4       0       0       0       0       0       0
      Locals:         3       0       0       0       0       0       0
      Temps:          0       0       0       0       0       0       0
      Totals:         7       0       0       0       0       0       0
Total ram usage:        7 bytes
 Hardware stack levels used:    1
 This function calls:
		Nothing
 This function is called by:
		_itoa4D
 This function uses a non-reentrant model


 *************** function _M_set_DC *****************
 Defined at:
		line 458 in file "main.c"
 Parameters:    Size  Location     Type
  DutyCycle       2    0[COMRAM] unsigned int 
  motor           1    2[COMRAM] unsigned char 
 Auto vars:     Size  Location     Type
		None
 Return value:  Size  Location     Type
                  1    wreg      void 
 Registers used:
		wreg, status,2, status,0
 Tracked objects:
		On entry : 
		On exit  : 
		Unchanged: 
 Data sizes:     COMRAM   BANK0   BANK1   BANK2   BANK3   BANK4   BANK5
      Params:         3       0       0       0       0       0       0
      Locals:         0       0       0       0       0       0       0
      Temps:          2       0       0       0       0       0       0
      Totals:         5       0       0       0       0       0       0
Total ram usage:        5 bytes
 Hardware stack levels used:    1
 This function calls:
		Nothing
 This function is called by:
		_Rx_ISR
 This function uses a non-reentrant model


 *************** function _M_foward_direction *****************
 Defined at:
		line 403 in file "main.c"
 Parameters:    Size  Location     Type
		None
 Auto vars:     Size  Location     Type
		None
 Return value:  Size  Location     Type
                  1    wreg      void 
 Registers used:
		wreg, status,2, status,0
 Tracked objects:
		On entry : 
		On exit  : 
		Unchanged: 
 Data sizes:     COMRAM   BANK0   BANK1   BANK2   BANK3   BANK4   BANK5
      Params:         0       0       0       0       0       0       0
      Locals:         0       0       0       0       0       0       0
      Temps:          0       0       0       0       0       0       0
      Totals:         0       0       0       0       0       0       0
Total ram usage:        0 bytes
 Hardware stack levels used:    1
 This function calls:
		Nothing
 This function is called by:
		_Rx_ISR
 This function uses a non-reentrant model


 *************** function _M_clockwise_direction *****************
 Defined at:
		line 425 in file "main.c"
 Parameters:    Size  Location     Type
		None
 Auto vars:     Size  Location     Type
		None
 Return value:  Size  Location     Type
                  1    wreg      void 
 Registers used:
		wreg, status,2, status,0
 Tracked objects:
		On entry : 
		On exit  : 
		Unchanged: 
 Data sizes:     COMRAM   BANK0   BANK1   BANK2   BANK3   BANK4   BANK5
      Params:         0       0       0       0       0       0       0
      Locals:         0       0       0       0       0       0       0
      Temps:          0       0       0       0       0       0       0
      Totals:         0       0       0       0       0       0       0
Total ram usage:        0 bytes
 Hardware stack levels used:    1
 This function calls:
		Nothing
 This function is called by:
		_Rx_ISR
 This function uses a non-reentrant model


 *************** function _M_backward_direction *****************
 Defined at:
		line 414 in file "main.c"
 Parameters:    Size  Location     Type
		None
 Auto vars:     Size  Location     Type
		None
 Return value:  Size  Location     Type
                  1    wreg      void 
 Registers used:
		wreg, status,2, status,0
 Tracked objects:
		On entry : 
		On exit  : 
		Unchanged: 
 Data sizes:     COMRAM   BANK0   BANK1   BANK2   BANK3   BANK4   BANK5
      Params:         0       0       0       0       0       0       0
      Locals:         0       0       0       0       0       0       0
      Temps:          0       0       0       0       0       0       0
      Totals:         0       0       0       0       0       0       0
Total ram usage:        0 bytes
 Hardware stack levels used:    1
 This function calls:
		Nothing
 This function is called by:
		_Rx_ISR
 This function uses a non-reentrant model


 *************** function _M_anticlockwise_direction *****************
 Defined at:
		line 436 in file "main.c"
 Parameters:    Size  Location     Type
		None
 Auto vars:     Size  Location     Type
		None
 Return value:  Size  Location     Type
                  1    wreg      void 
 Registers used:
		wreg, status,2, status,0
 Tracked objects:
		On entry : 
		On exit  : 
		Unchanged: 
 Data sizes:     COMRAM   BANK0   BANK1   BANK2   BANK3   BANK4   BANK5
      Params:         0       0       0       0       0       0       0
      Locals:         0       0       0       0       0       0       0
      Temps:          0       0       0       0       0       0       0
      Totals:         0       0       0       0       0       0       0
Total ram usage:        0 bytes
 Hardware stack levels used:    1
 This function calls:
		Nothing
 This function is called by:
		_Rx_ISR
 This function uses a non-reentrant model


 *************** function _L_turn_on *****************
 Defined at:
		line 358 in file "main.c"
 Parameters:    Size  Location     Type
		None
 Auto vars:     Size  Location     Type
		None
 Return value:  Size  Location     Type
                  1    wreg      void 
 Registers used:
		None
 Tracked objects:
		On entry : 
		On exit  : 
		Unchanged: 
 Data sizes:     COMRAM   BANK0   BANK1   BANK2   BANK3   BANK4   BANK5
      Params:         0       0       0       0       0       0       0
      Locals:         0       0       0       0       0       0       0
      Temps:          0       0       0       0       0       0       0
      Totals:         0       0       0       0       0       0       0
Total ram usage:        0 bytes
 Hardware stack levels used:    1
 This function calls:
		Nothing
 This function is called by:
		_Rx_ISR
 This function uses a non-reentrant model


 *************** function _L_turn_off *****************
 Defined at:
		line 366 in file "main.c"
 Parameters:    Size  Location     Type
		None
 Auto vars:     Size  Location     Type
		None
 Return value:  Size  Location     Type
                  1    wreg      void 
 Registers used:
		None
 Tracked objects:
		On entry : 
		On exit  : 
		Unchanged: 
 Data sizes:     COMRAM   BANK0   BANK1   BANK2   BANK3   BANK4   BANK5
      Params:         0       0       0       0       0       0       0
      Locals:         0       0       0       0       0       0       0
      Temps:          0       0       0       0       0       0       0
      Totals:         0       0       0       0       0       0       0
Total ram usage:        0 bytes
 Hardware stack levels used:    1
 This function calls:
		Nothing
 This function is called by:
		_Rx_ISR
 This function uses a non-reentrant model


 *************** function _LCD_clear *****************
 Defined at:
		line 279 in file "main.c"
 Parameters:    Size  Location     Type
		None
 Auto vars:     Size  Location     Type
		None
 Return value:  Size  Location     Type
                  1    wreg      void 
 Registers used:
		wreg, status,2, status,0, cstack
 Tracked objects:
		On entry : 
		On exit  : 
		Unchanged: 
 Data sizes:     COMRAM   BANK0   BANK1   BANK2   BANK3   BANK4   BANK5
      Params:         0       0       0       0       0       0       0
      Locals:         0       0       0       0       0       0       0
      Temps:          0       0       0       0       0       0       0
      Totals:         0       0       0       0       0       0       0
Total ram usage:        0 bytes
 Hardware stack levels used:    1
 Hardware stack levels required when called:    1
 This function calls:
		i1_LCD_command
 This function is called by:
		_Rx_ISR
 This function uses a non-reentrant model


 *************** function i1_LCD_command *****************
 Defined at:
		line 207 in file "main.c"
 Parameters:    Size  Location     Type
  cmd             1    wreg     unsigned char 
 Auto vars:     Size  Location     Type
  cmd             1    2[COMRAM] unsigned char 
 Return value:  Size  Location     Type
                  1    wreg      void 
 Registers used:
		wreg, status,2, status,0
 Tracked objects:
		On entry : 
		On exit  : 
		Unchanged: 
 Data sizes:     COMRAM   BANK0   BANK1   BANK2   BANK3   BANK4   BANK5
      Params:         0       0       0       0       0       0       0
      Locals:         1       0       0       0       0       0       0
      Temps:          2       0       0       0       0       0       0
      Totals:         3       0       0       0       0       0       0
Total ram usage:        3 bytes
 Hardware stack levels used:    1
 This function calls:
		Nothing
 This function is called by:
		_LCD_clear
		_US_print_distance
		i1_LCD_string
		i1_LCD_string_xy
 This function uses a non-reentrant model


 *************** function _BT_rx_string *****************
 Defined at:
		line 527 in file "main.c"
 Parameters:    Size  Location     Type
  RxStr           2    0[COMRAM] PTR unsigned char 
		 -> Rx_ISR@RxMessage(32), 
 Auto vars:     Size  Location     Type
  i               1    7[COMRAM] unsigned char 
 Return value:  Size  Location     Type
                  1    wreg      void 
 Registers used:
		wreg, fsr2l, fsr2h, status,2, status,0, prodl, prodh, cstack
 Tracked objects:
		On entry : 
		On exit  : 
		Unchanged: 
 Data sizes:     COMRAM   BANK0   BANK1   BANK2   BANK3   BANK4   BANK5
      Params:         2       0       0       0       0       0       0
      Locals:         1       0       0       0       0       0       0
      Temps:          5       0       0       0       0       0       0
      Totals:         8       0       0       0       0       0       0
Total ram usage:        8 bytes
 Hardware stack levels used:    1
 Hardware stack levels required when called:    1
 This function calls:
		_BT_rx_char
 This function is called by:
		_Rx_ISR
 This function uses a non-reentrant model


 *************** function _BT_rx_char *****************
 Defined at:
		line 539 in file "main.c"
 Parameters:    Size  Location     Type
		None
 Auto vars:     Size  Location     Type
		None
 Return value:  Size  Location     Type
                  1    wreg      unsigned char 
 Registers used:
		wreg, status,2
 Tracked objects:
		On entry : 
		On exit  : 
		Unchanged: 
 Data sizes:     COMRAM   BANK0   BANK1   BANK2   BANK3   BANK4   BANK5
      Params:         0       0       0       0       0       0       0
      Locals:         0       0       0       0       0       0       0
      Temps:          0       0       0       0       0       0       0
      Totals:         0       0       0       0       0       0       0
Total ram usage:        0 bytes
 Hardware stack levels used:    1
 This function calls:
		Nothing
 This function is called by:
		_BT_rx_string
 This function uses a non-reentrant model



MODULE INFORMATION

Module		Function		Class		Link	Load	Size
/opt/microchip/xc8/v2.00/pic/sources/c99/common/aldiv.c
		___aldiv       		CODE           	0944	0000	309

/opt/microchip/xc8/v2.00/pic/sources/c99/common/aldiv.c estimated size: 309

/opt/microchip/xc8/v2.00/pic/sources/c99/common/Umul32.c
		___lmul        		CODE           	121E	0000	115

/opt/microchip/xc8/v2.00/pic/sources/c99/common/Umul32.c estimated size: 115

/opt/microchip/xc8/v2.00/pic/sources/c99/common/lwmod.c
		___lwmod       		CODE           	10BE	0000	121

/opt/microchip/xc8/v2.00/pic/sources/c99/common/lwmod.c estimated size: 121

/opt/microchip/xc8/v2.00/pic/sources/c99/common/__lldiv.c
		___lldiv       		CODE           	0C1E	0000	185

/opt/microchip/xc8/v2.00/pic/sources/c99/common/__lldiv.c estimated size: 185

shared
		i1_LCD_char    		CODE           	1136	0000	117
		i1_M_stop      		CODE           	156E	0000	73
		i1_LCD_string  		CODE           	0EB6	0000	137
		i1_LCD_command 		CODE           	11AA	0000	117
		__initialization		CODE           	16C6	0000	49
		i1_BT_tx_char  		CODE           	1812	0000	31
		i1_LCD_string_xy		CODE           	1422	0000	93
		i1_BT_tx_string		CODE           	12F8	0000	103

shared estimated size: 720

/opt/microchip/xc8/v2.00/pic/sources/c99/common/lwdiv.c
		___lwdiv       		CODE           	0F3E	0000	137

/opt/microchip/xc8/v2.00/pic/sources/c99/common/lwdiv.c estimated size: 137

main.c
		_M_backward_direction		CODE           	163E	0000	69
		_US_print_distance		CODE           	13C0	0000	99
		_BT_tx_char    		CODE           	17F2	0000	33
		_LCD_clear     		CODE           	1830	0000	13
		_itoa4D        		CODE           	07D0	0000	373
		_BT_tx_string  		CODE           	1290	0000	105
		_main          		CODE           	0B5C	0000	195
		_Rx_ISR        		CODE           	0018	0000	1537
		_M_stop        		CODE           	1526	0000	73
		_BT_init       		CODE           	17CA	0000	41
		_LCD_string    		CODE           	0E2A	0000	141
		_LCD_init      		CODE           	14D4	0000	83
		_LCD_command   		CODE           	1042	0000	125
		_LCD_string_xy 		CODE           	135E	0000	99
		_US_init       		CODE           	1704	0000	55
		_atoi4D        		CODE           	0D8E	0000	157
		_L_turn_on     		CODE           	1844	0000	9
		_LCD_hcommand  		CODE           	173A	0000	53
		_L_turn_off    		CODE           	184C	0000	9
		_M_foward_direction		CODE           	15B6	0000	69
		_L_init        		CODE           	183C	0000	9
		_M_init        		CODE           	147E	0000	87
		_US_send_pulse 		CODE           	0A78	0000	229
		_M_clockwise_direction		CODE           	15FA	0000	69
		_BT_rx_char    		CODE           	176E	0000	51
		_M_anticlockwise_direction		CODE           	1682	0000	69
		_LCD_char      		CODE           	0FC6	0000	125
		_BT_rx_string  		CODE           	0CD6	0000	185
		_M_set_DC      		CODE           	061C	0000	437

main.c estimated size: 4599

/opt/microchip/xc8/v2.00/pic/sources/c99/common/Umul16.c
		___wmul        		CODE           	17A0	0000	43

/opt/microchip/xc8/v2.00/pic/sources/c99/common/Umul16.c estimated size: 43

